================================================================
== Design Size Report
================================================================

* Total Instructions per Compilation Phase
+---------------+-----------------------------+--------------+----------------------------------------------------------------------------------------+
| Phase         | Step                        | Instructions | Description                                                                            |
+---------------+-----------------------------+--------------+----------------------------------------------------------------------------------------+
| Compile/Link  |                             |   879        | After all functions are compiled and linked into a single design                       |
|               |                             |              |                                                                                        |
| Unroll/Inline |                             |              | After user unroll and inline pragmas are applied                                       |
|               | (1) unroll                  | 2,153        | user unroll pragmas are applied                                                        |
|               | (2) simplification          | 1,888        | simplification of applied user unroll pragmas                                          |
|               | (3) inline                  | 1,765        | user inline pragmas are applied                                                        |
|               | (4) simplification          | 1,395        | simplification of applied user inline pragmas                                          |
|               |                             |              |                                                                                        |
| Array/Struct  |                             |              | After user array partition and struct aggregate/disaggregate pragmas are applied       |
|               | (1) array partition         | 1,607        | user array partition pragmas are applied                                               |
|               | (2) simplification          | 1,373        | simplification of applied user array partition & struct aggregate/disaggregate pragmas |
|               | (3) aggregate/disaggregate  | 1,373        | user struct aggregate/disaggregate pragmas are applied                                 |
|               | (4) array reshape           | 1,373        | apply array reshape pragmas                                                            |
|               | (5) access patterns         | 1,420        | array access pattern optmizations                                                      |
|               |                             |              |                                                                                        |
| Performance   |                             |              | After transformations are applied to meet performance pragma targets                   |
|               | (1) loop simplification     | 1,400        | loop and instruction simplification                                                    |
|               | (2) parallelization         | 1,375        | loops are unrolled or pipelined to meet performance targets                            |
|               | (3) array partition         | 1,375        | arrays are partitioned to meet performance targets                                     |
|               | (4) simplification          | 1,375        | simplification of design after performance transformations                             |
|               |                             |              |                                                                                        |
| HW Transforms |                             |              | After hardware transfomations                                                          |
|               | (1) lowering                | 1,392        | initial conversion to HW specific instructions                                         |
|               | (2) optimizations           | 1,545        | high level synthesis optimizations                                                     |
+---------------+-----------------------------+--------------+----------------------------------------------------------------------------------------+

* Instructions per Function for each Compilation Phase
+--------------------------+----------------------+---------------+---------------+--------------+-------------+---------------+
| Function                 | Location             | Compile/Link  | Unroll/Inline | Array/Struct | Performance | HW Transforms |
+--------------------------+----------------------+---------------+---------------+--------------+-------------+---------------+
| + systolic_array         | systolic_array.cpp:3 | 879           | 1,395         | 1,420        | 1,375       | 1,545         |
|  + PEState               | pe_state.h:28        | 123           |               |              |             |               |
|     MBItem               | mb_item.h:20         |  30 (2 calls) |               |              |             |               |
|     MBItem               | mb_item.h:27         |  30 (2 calls) |               |              |             |               |
|  + pe_cycle              | pe_cycle.h:111       | 602           |               |              |             |               |
|     debugPrintBuffer     | pe_cycle.h:21        |   7 (7 calls) |               |              |             |               |
|     passDown_loadPhase   | pe_cycle.h:86        |  62           |               |              |             |               |
|     MBItem               | mb_item.h:20         |  15           |               |              |             |               |
|     complexMul           | pe_cycle.h:14        |   9           |               |              |             |               |
|     MBItem               | mb_item.h:27         |  45 (3 calls) |               |              |             |               |
|     passDownWithPriority | pe_cycle.h:49        | 103           |               |              |             |               |
+--------------------------+----------------------+---------------+---------------+--------------+-------------+---------------+

* Design Size Message Settings
+---------------------------------------------+--------+------------------------------------------------------------------+
| Message Setting                             | Value  | Description                                                      |
+---------------------------------------------+--------+------------------------------------------------------------------+
| config_compile -design_size_maximum_warning | 100000 | Show a warning when total design instructions exceeds this value |
+---------------------------------------------+--------+------------------------------------------------------------------+


