

================================================================
== Vitis HLS Report for 'systolic_array'
================================================================
* Date:           Wed Feb  5 15:27:08 2025

* Version:        2023.2 (Build 4023990 on Oct 11 2023)
* Project:        final_systolic_array_hls
* Solution:       solution1 (Vivado IP Flow Target)
* Product family: virtexuplus
* Target device:  xcvu11p-flga2577-1-e


================================================================
== Performance Estimates
================================================================
+ Timing: 
    * Summary: 
    +--------+----------+----------+------------+
    |  Clock |  Target  | Estimated| Uncertainty|
    +--------+----------+----------+------------+
    |ap_clk  |  10.00 ns|  7.674 ns|     2.70 ns|
    +--------+----------+----------+------------+

+ Latency: 
    * Summary: 
    +---------+---------+----------+----------+-----+-----+---------+
    |  Latency (cycles) |  Latency (absolute) |  Interval | Pipeline|
    |   min   |   max   |    min   |    max   | min | max |   Type  |
    +---------+---------+----------+----------+-----+-----+---------+
    |        ?|        ?|         ?|         ?|    ?|    ?|       no|
    +---------+---------+----------+----------+-----+-----+---------+

    + Detail: 
        * Instance: 
        +-----------------------------------------------------+-----------------------------------------+---------+---------+----------+----------+-----+-----+---------+
        |                                                     |                                         |  Latency (cycles) |  Latency (absolute) |  Interval | Pipeline|
        |                       Instance                      |                  Module                 |   min   |   max   |    min   |    max   | min | max |   Type  |
        +-----------------------------------------------------+-----------------------------------------+---------+---------+----------+----------+-----+-----+---------+
        |grp_systolic_array_Pipeline_VITIS_LOOP_23_1_fu_3707  |systolic_array_Pipeline_VITIS_LOOP_23_1  |        ?|        ?|         ?|         ?|    ?|    ?|       no|
        |grp_systolic_array_Pipeline_VITIS_LOOP_52_4_fu_3715  |systolic_array_Pipeline_VITIS_LOOP_52_4  |        ?|        ?|         ?|         ?|    ?|    ?|       no|
        +-----------------------------------------------------+-----------------------------------------+---------+---------+----------+----------+-----+-----+---------+

        * Loop: 
        +-----------------------+---------+---------+----------+-----------+-----------+------+----------+
        |                       |  Latency (cycles) | Iteration|  Initiation Interval  | Trip |          |
        |       Loop Name       |   min   |   max   |  Latency |  achieved |   target  | Count| Pipelined|
        +-----------------------+---------+---------+----------+-----------+-----------+------+----------+
        |- VITIS_LOOP_35_2      |        ?|        ?|         ?|          -|          -|     ?|        no|
        | + VITIS_LOOP_126_1    |        ?|        ?|         2|          -|          -|     ?|        no|
        | + VITIS_LOOP_35_2.2   |        ?|        ?|         ?|          -|          -|     ?|        no|
        |  ++ VITIS_LOOP_143_2  |        ?|        ?|         3|          -|          -|     ?|        no|
        |  ++ VITIS_LOOP_153_4  |        ?|        ?|         2|          -|          -|     ?|        no|
        | + VITIS_LOOP_93_1     |        ?|        ?|         ?|          -|          -|     ?|        no|
        |  ++ VITIS_LOOP_98_2   |        ?|        ?|         2|          -|          -|     ?|        no|
        | + VITIS_LOOP_178_5    |        ?|        ?|         ?|          -|          -|     ?|        no|
        |  ++ VITIS_LOOP_214_6  |        ?|        ?|         2|          -|          -|     ?|        no|
        | + VITIS_LOOP_226_7    |        ?|        ?|         2|          -|          -|     ?|        no|
        | + VITIS_LOOP_56_1     |        ?|        ?|         ?|          -|          -|     ?|        no|
        |  ++ VITIS_LOOP_60_2   |        ?|        ?|         2|          -|          -|     ?|        no|
        | + VITIS_LOOP_71_3     |        ?|        ?|         ?|          -|          -|     ?|        no|
        |  ++ VITIS_LOOP_75_4   |        ?|        ?|         2|          -|          -|     ?|        no|
        | + VITIS_LOOP_178_5    |        ?|        ?|         ?|          -|          -|     ?|        no|
        |  ++ VITIS_LOOP_214_6  |        ?|        ?|         2|          -|          -|     ?|        no|
        | + VITIS_LOOP_226_7    |        ?|        ?|         2|          -|          -|     ?|        no|
        | + VITIS_LOOP_56_1     |        ?|        ?|         ?|          -|          -|     ?|        no|
        |  ++ VITIS_LOOP_60_2   |        ?|        ?|         2|          -|          -|     ?|        no|
        | + VITIS_LOOP_71_3     |        ?|        ?|         ?|          -|          -|     ?|        no|
        |  ++ VITIS_LOOP_75_4   |        ?|        ?|         2|          -|          -|     ?|        no|
        | + VITIS_LOOP_126_1    |        ?|        ?|         2|          -|          -|     ?|        no|
        | + VITIS_LOOP_35_2.13  |        ?|        ?|         ?|          -|          -|     ?|        no|
        |  ++ VITIS_LOOP_143_2  |        ?|        ?|         3|          -|          -|     ?|        no|
        |  ++ VITIS_LOOP_153_4  |        ?|        ?|         2|          -|          -|     ?|        no|
        | + VITIS_LOOP_93_1     |        ?|        ?|         ?|          -|          -|     ?|        no|
        |  ++ VITIS_LOOP_98_2   |        ?|        ?|         2|          -|          -|     ?|        no|
        +-----------------------+---------+---------+----------+-----------+-----------+------+----------+



================================================================
== Utilization Estimates
================================================================
* Summary: 
+---------------------+---------+------+---------+---------+-----+
|         Name        | BRAM_18K|  DSP |    FF   |   LUT   | URAM|
+---------------------+---------+------+---------+---------+-----+
|DSP                  |        -|     -|        -|        -|    -|
|Expression           |        -|     -|        0|     4354|    -|
|FIFO                 |       27|     -|      459|      138|    -|
|Instance             |        0|    10|     1017|      808|    0|
|Memory               |        0|     -|      340|       45|    0|
|Multiplexer          |        -|     -|        -|     4171|    -|
|Register             |        -|     -|     5075|        -|    -|
+---------------------+---------+------+---------+---------+-----+
|Total                |       27|    10|     6891|     9516|    0|
+---------------------+---------+------+---------+---------+-----+
|Available SLR        |     1344|  3072|   864000|   432000|  320|
+---------------------+---------+------+---------+---------+-----+
|Utilization SLR (%)  |        2|    ~0|       ~0|        2|    0|
+---------------------+---------+------+---------+---------+-----+
|Available            |     4032|  9216|  2592000|  1296000|  960|
+---------------------+---------+------+---------+---------+-----+
|Utilization (%)      |       ~0|    ~0|       ~0|       ~0|    0|
+---------------------+---------+------+---------+---------+-----+

+ Detail: 
    * Instance: 
    +-----------------------------------------------------+-----------------------------------------+---------+----+-----+-----+-----+
    |                       Instance                      |                  Module                 | BRAM_18K| DSP|  FF | LUT | URAM|
    +-----------------------------------------------------+-----------------------------------------+---------+----+-----+-----+-----+
    |control_s_axi_U                                      |control_s_axi                            |        0|   0|   81|  106|    0|
    |fadd_32ns_32ns_32_3_full_dsp_1_U6                    |fadd_32ns_32ns_32_3_full_dsp_1           |        0|   2|  177|  229|    0|
    |faddfsub_32ns_32ns_32_3_full_dsp_1_U5                |faddfsub_32ns_32ns_32_3_full_dsp_1       |        0|   2|  177|  229|    0|
    |fmul_32ns_32ns_32_2_max_dsp_1_U7                     |fmul_32ns_32ns_32_2_max_dsp_1            |        0|   3|  128|   77|    0|
    |fmul_32ns_32ns_32_2_max_dsp_1_U8                     |fmul_32ns_32ns_32_2_max_dsp_1            |        0|   3|  128|   77|    0|
    |grp_systolic_array_Pipeline_VITIS_LOOP_23_1_fu_3707  |systolic_array_Pipeline_VITIS_LOOP_23_1  |        0|   0|  163|   44|    0|
    |grp_systolic_array_Pipeline_VITIS_LOOP_52_4_fu_3715  |systolic_array_Pipeline_VITIS_LOOP_52_4  |        0|   0|  163|   46|    0|
    +-----------------------------------------------------+-----------------------------------------+---------+----+-----+-----+-----+
    |Total                                                |                                         |        0|  10| 1017|  808|    0|
    +-----------------------------------------------------+-----------------------------------------+---------+----+-----+-----+-----+

    * DSP: 
    N/A

    * Memory: 
    +----------------------------------------------------------------------+----------------------------------------------------------------------------------+---------+----+----+-----+------+-----+------+-------------+
    |                                Memory                                |                                      Module                                      | BRAM_18K| FF | LUT| URAM| Words| Bits| Banks| W*Bits*Banks|
    +----------------------------------------------------------------------+----------------------------------------------------------------------------------+---------+----+----+-----+------+-----+------+-------------+
    |produced_destPE_U                                                     |produced_destPE_RAM_AUTO_1R1W                                                     |        0|   4|   1|    0|     8|    2|     1|           16|
    |produced_isWeight_U                                                   |produced_isWeight_RAM_AUTO_1R1W                                                   |        0|   2|   1|    0|     8|    1|     1|            8|
    |produced_isRealPart_U                                                 |produced_isWeight_RAM_AUTO_1R1W                                                   |        0|   2|   1|    0|     8|    1|     1|            8|
    |produced_needsMultiply_U                                              |produced_isWeight_RAM_AUTO_1R1W                                                   |        0|   2|   1|    0|     8|    1|     1|            8|
    |produced_startOfFrame_U                                               |produced_isWeight_RAM_AUTO_1R1W                                                   |        0|   2|   1|    0|     8|    1|     1|            8|
    |produced_real_U                                                       |produced_real_RAM_AUTO_1R1W                                                       |        0|  64|   4|    0|     8|   32|     1|          256|
    |produced_imag_U                                                       |produced_real_RAM_AUTO_1R1W                                                       |        0|  64|   4|    0|     8|   32|     1|          256|
    |systolic_array_stream_MBItem_0_stream_MBItem_0_bool_int_peState_10_U  |systolic_array_stream_MBItem_0_stream_MBItem_0_bool_int_peState_10_RAM_AUTO_1bkb  |        0|  32|   4|    0|     8|   32|     1|          256|
    |systolic_array_stream_MBItem_0_stream_MBItem_0_bool_int_peState_12_U  |systolic_array_stream_MBItem_0_stream_MBItem_0_bool_int_peState_10_RAM_AUTO_1bkb  |        0|  32|   4|    0|     8|   32|     1|          256|
    |systolic_array_stream_MBItem_0_stream_MBItem_0_bool_int_peState_11_U  |systolic_array_stream_MBItem_0_stream_MBItem_0_bool_int_peState_10_RAM_AUTO_1bkb  |        0|  32|   4|    0|     8|   32|     1|          256|
    |systolic_array_stream_MBItem_0_stream_MBItem_0_bool_int_peState_13_U  |systolic_array_stream_MBItem_0_stream_MBItem_0_bool_int_peState_10_RAM_AUTO_1bkb  |        0|  32|   4|    0|     8|   32|     1|          256|
    |systolic_array_stream_MBItem_0_stream_MBItem_0_bool_int_peState_14_U  |systolic_array_stream_MBItem_0_stream_MBItem_0_bool_int_peState_14_RAM_AUTO_1dEe  |        0|   1|   1|    0|     8|    1|     1|            8|
    |systolic_array_stream_MBItem_0_stream_MBItem_0_bool_int_peState_15_U  |systolic_array_stream_MBItem_0_stream_MBItem_0_bool_int_peState_14_RAM_AUTO_1dEe  |        0|   1|   1|    0|     8|    1|     1|            8|
    |systolic_array_stream_MBItem_0_stream_MBItem_0_bool_int_peState_4_U   |systolic_array_stream_MBItem_0_stream_MBItem_0_bool_int_peState_4_RAM_AUTO_1R1W   |        0|   1|   1|    0|     8|    1|     1|            8|
    |systolic_array_stream_MBItem_0_stream_MBItem_0_bool_int_peState_5_U   |systolic_array_stream_MBItem_0_stream_MBItem_0_bool_int_peState_4_RAM_AUTO_1R1W   |        0|   1|   1|    0|     8|    1|     1|            8|
    |systolic_array_stream_MBItem_0_stream_MBItem_0_bool_int_peState_6_U   |systolic_array_stream_MBItem_0_stream_MBItem_0_bool_int_peState_6_RAM_AUTO_1R1W   |        0|   1|   1|    0|     8|    1|     1|            8|
    |systolic_array_stream_MBItem_0_stream_MBItem_0_bool_int_peState_7_U   |systolic_array_stream_MBItem_0_stream_MBItem_0_bool_int_peState_6_RAM_AUTO_1R1W   |        0|   1|   1|    0|     8|    1|     1|            8|
    |systolic_array_stream_MBItem_0_stream_MBItem_0_bool_int_peState_8_U   |systolic_array_stream_MBItem_0_stream_MBItem_0_bool_int_peState_8_RAM_AUTO_1R1W   |        0|  32|   4|    0|     8|   32|     1|          256|
    |systolic_array_stream_MBItem_0_stream_MBItem_0_bool_int_peState_9_U   |systolic_array_stream_MBItem_0_stream_MBItem_0_bool_int_peState_8_RAM_AUTO_1R1W   |        0|  32|   4|    0|     8|   32|     1|          256|
    |systolic_array_stream_MBItem_0_stream_MBItem_0_bool_int_peState_U     |systolic_array_stream_MBItem_0_stream_MBItem_0_bool_int_peState_RAM_AUTO_1R1W     |        0|   1|   1|    0|     8|    1|     1|            8|
    |systolic_array_stream_MBItem_0_stream_MBItem_0_bool_int_peState_3_U   |systolic_array_stream_MBItem_0_stream_MBItem_0_bool_int_peState_RAM_AUTO_1R1W     |        0|   1|   1|    0|     8|    1|     1|            8|
    +----------------------------------------------------------------------+----------------------------------------------------------------------------------+---------+----+----+-----+------+-----+------+-------------+
    |Total                                                                 |                                                                                  |        0| 340|  45|    0|   168|  270|    21|         2160|
    +----------------------------------------------------------------------+----------------------------------------------------------------------------------+---------+----+----+-----+------+-----+------+-------------+

    * FIFO: 
    +----------------------------------------------------------------------------+---------+-----+----+-----+------+-----+---------+
    |                                    Name                                    | BRAM_18K|  FF | LUT| URAM| Depth| Bits| Size:D*B|
    +----------------------------------------------------------------------------+---------+-----+----+-----+------+-----+---------+
    |systolic_array_stream_MBItem_0_stream_MBItem_0_bool_int_peStreams_1_fifo_U  |        9|  153|   0|    -|    32|  160|     5120|
    |systolic_array_stream_MBItem_0_stream_MBItem_0_bool_int_peStreams_2_fifo_U  |        9|  153|   0|    -|    32|  160|     5120|
    |systolic_array_stream_MBItem_0_stream_MBItem_0_bool_int_peStreams_fifo_U    |        9|  153|   0|    -|    32|  160|     5120|
    +----------------------------------------------------------------------------+---------+-----+----+-----+------+-----+---------+
    |Total                                                                       |       27|  459|   0|    0|    96|  480|    15360|
    +----------------------------------------------------------------------------+---------+-----+----+-----+------+-----+---------+

    * Expression: 
    +-------------------------------------------------------------------------+----------+----+---+-----+------------+------------+
    |                              Variable Name                              | Operation| DSP| FF| LUT | Bitwidth P0| Bitwidth P1|
    +-------------------------------------------------------------------------+----------+----+---+-----+------------+------------+
    |add_ln101_fu_4253_p2                                                     |         +|   0|  0|   39|          32|           2|
    |add_ln136_1_fu_4749_p2                                                   |         +|   0|  0|   10|           3|           2|
    |add_ln136_fu_4035_p2                                                     |         +|   0|  0|   10|           3|           2|
    |add_ln137_1_fu_4766_p2                                                   |         +|   0|  0|   39|          32|           1|
    |add_ln137_fu_4052_p2                                                     |         +|   0|  0|   39|          32|           1|
    |add_ln145_1_fu_4831_p2                                                   |         +|   0|  0|   38|          31|           1|
    |add_ln145_fu_4117_p2                                                     |         +|   0|  0|   38|          31|           1|
    |add_ln154_1_fu_4872_p2                                                   |         +|   0|  0|   71|          64|           1|
    |add_ln154_fu_4158_p2                                                     |         +|   0|  0|   71|          64|           1|
    |add_ln156_1_fu_4885_p2                                                   |         +|   0|  0|   39|          32|           2|
    |add_ln156_fu_4171_p2                                                     |         +|   0|  0|   39|          32|           2|
    |add_ln215_1_fu_5049_p2                                                   |         +|   0|  0|   71|          64|           1|
    |add_ln215_fu_4339_p2                                                     |         +|   0|  0|   71|          64|           1|
    |add_ln217_1_fu_5062_p2                                                   |         +|   0|  0|   39|          32|           2|
    |add_ln217_fu_4352_p2                                                     |         +|   0|  0|   39|          32|           2|
    |add_ln226_1_fu_5095_p2                                                   |         +|   0|  0|   38|          31|           1|
    |add_ln226_fu_4385_p2                                                     |         +|   0|  0|   38|          31|           1|
    |add_ln228_1_fu_5122_p2                                                   |         +|   0|  0|   10|           3|           2|
    |add_ln228_fu_4412_p2                                                     |         +|   0|  0|   10|           3|           2|
    |add_ln35_fu_3905_p2                                                      |         +|   0|  0|   38|          31|           1|
    |add_ln61_1_fu_5192_p2                                                    |         +|   0|  0|   71|          64|           1|
    |add_ln61_fu_4482_p2                                                      |         +|   0|  0|   71|          64|           1|
    |add_ln63_1_fu_5205_p2                                                    |         +|   0|  0|   39|          32|           2|
    |add_ln63_fu_4495_p2                                                      |         +|   0|  0|   39|          32|           2|
    |add_ln76_1_fu_5299_p2                                                    |         +|   0|  0|   71|          64|           1|
    |add_ln76_fu_4589_p2                                                      |         +|   0|  0|   71|          64|           1|
    |add_ln78_fu_4602_p2                                                      |         +|   0|  0|   39|          32|           2|
    |add_ln99_1_fu_4954_p2                                                    |         +|   0|  0|   71|          64|           1|
    |add_ln99_fu_4240_p2                                                      |         +|   0|  0|   71|          64|           1|
    |grp_fu_3759_p2                                                           |         +|   0|  0|   39|          32|           2|
    |grp_fu_3771_p2                                                           |         +|   0|  0|   39|          32|           1|
    |grp_fu_3777_p2                                                           |         +|   0|  0|   39|          32|           1|
    |grp_fu_3799_p2                                                           |         +|   0|  0|   39|          32|           2|
    |grp_fu_3811_p2                                                           |         +|   0|  0|   39|          32|           1|
    |grp_fu_3817_p2                                                           |         +|   0|  0|   39|          32|           1|
    |grp_fu_3877_p2                                                           |         +|   0|  0|   39|          32|           2|
    |i_13_fu_4533_p2                                                          |         +|   0|  0|   39|          32|           1|
    |i_18_fu_5079_p2                                                          |         +|   0|  0|   39|          32|           1|
    |i_22_fu_5232_p2                                                          |         +|   0|  0|   39|          32|           1|
    |i_28_fu_5243_p2                                                          |         +|   0|  0|   39|          32|           1|
    |i_3_fu_4369_p2                                                           |         +|   0|  0|   39|          32|           1|
    |i_7_fu_4522_p2                                                           |         +|   0|  0|   39|          32|           1|
    |itemsIngested_1_fu_3998_p2                                               |         +|   0|  0|   10|           3|           1|
    |itemsIngested_3_fu_4712_p2                                               |         +|   0|  0|   10|           3|           1|
    |producedCount_1_fu_4275_p2                                               |         +|   0|  0|   39|          32|           1|
    |producedCount_2_fu_4302_p2                                               |         +|   0|  0|   39|          32|           2|
    |producedCount_6_fu_4984_p2                                               |         +|   0|  0|   39|          32|           1|
    |producedCount_7_fu_5012_p2                                               |         +|   0|  0|   39|          32|           2|
    |sub_i_1_fu_4840_p2                                                       |         +|   0|  0|   39|          32|           1|
    |sub_i_fu_4126_p2                                                         |         +|   0|  0|   39|          32|           1|
    |and_ln126_1_fu_4077_p2                                                   |       and|   0|  0|    2|           1|           1|
    |and_ln126_2_fu_4083_p2                                                   |       and|   0|  0|    2|           1|           1|
    |and_ln126_3_fu_4629_p2                                                   |       and|   0|  0|    2|           1|           1|
    |and_ln126_4_fu_4791_p2                                                   |       and|   0|  0|    2|           1|           1|
    |and_ln126_5_fu_4797_p2                                                   |       and|   0|  0|    2|           1|           1|
    |and_ln126_fu_3915_p2                                                     |       and|   0|  0|    2|           1|           1|
    |and_ln96_1_fu_4906_p2                                                    |       and|   0|  0|    2|           1|           1|
    |and_ln96_fu_4192_p2                                                      |       and|   0|  0|    2|           1|           1|
    |grp_nbreadreq_fu_326_p3                                                  |       and|   0|  0|    2|           1|           0|
    |grp_nbreadreq_fu_347_p3                                                  |       and|   0|  0|    2|           1|           0|
    |grp_systolic_array_Pipeline_VITIS_LOOP_52_4_fu_3715_outputStream_TREADY  |       and|   0|  0|    2|           1|           1|
    |grp_fu_3747_p2                                                           |      icmp|   0|  0|   39|          32|           3|
    |grp_fu_3753_p2                                                           |      icmp|   0|  0|   39|          32|           1|
    |grp_fu_3765_p2                                                           |      icmp|   0|  0|   39|          32|           1|
    |grp_fu_3787_p2                                                           |      icmp|   0|  0|   39|          32|           3|
    |grp_fu_3793_p2                                                           |      icmp|   0|  0|   39|          32|           1|
    |grp_fu_3805_p2                                                           |      icmp|   0|  0|   39|          32|           1|
    |icmp_ln128_1_fu_4071_p2                                                  |      icmp|   0|  0|   39|          32|           3|
    |icmp_ln128_3_fu_4785_p2                                                  |      icmp|   0|  0|   39|          32|           3|
    |icmp_ln145_2_fu_4112_p2                                                  |      icmp|   0|  0|   39|          32|          32|
    |icmp_ln145_3_fu_4182_p2                                                  |      icmp|   0|  0|   39|          32|           2|
    |icmp_ln145_6_fu_4826_p2                                                  |      icmp|   0|  0|   39|          32|          32|
    |icmp_ln145_7_fu_4896_p2                                                  |      icmp|   0|  0|   39|          32|           2|
    |icmp_ln153_1_fu_4136_p2                                                  |      icmp|   0|  0|   39|          32|          32|
    |icmp_ln153_2_fu_4153_p2                                                  |      icmp|   0|  0|   71|          64|          64|
    |icmp_ln153_3_fu_4845_p2                                                  |      icmp|   0|  0|   39|          32|          32|
    |icmp_ln153_4_fu_4850_p2                                                  |      icmp|   0|  0|   39|          32|          32|
    |icmp_ln153_5_fu_4867_p2                                                  |      icmp|   0|  0|   71|          64|          64|
    |icmp_ln153_fu_4131_p2                                                    |      icmp|   0|  0|   39|          32|          32|
    |icmp_ln178_1_fu_4363_p2                                                  |      icmp|   0|  0|   39|          32|          32|
    |icmp_ln178_3_fu_5073_p2                                                  |      icmp|   0|  0|   39|          32|          32|
    |icmp_ln214_1_fu_5044_p2                                                  |      icmp|   0|  0|   71|          64|          64|
    |icmp_ln214_fu_4334_p2                                                    |      icmp|   0|  0|   71|          64|          64|
    |icmp_ln226_1_fu_5089_p2                                                  |      icmp|   0|  0|   39|          32|          32|
    |icmp_ln226_fu_4379_p2                                                    |      icmp|   0|  0|   39|          32|          32|
    |icmp_ln35_fu_3900_p2                                                     |      icmp|   0|  0|   39|          32|          32|
    |icmp_ln56_1_fu_4506_p2                                                   |      icmp|   0|  0|   39|          32|          32|
    |icmp_ln56_3_fu_5216_p2                                                   |      icmp|   0|  0|   39|          32|          32|
    |icmp_ln60_1_fu_5187_p2                                                   |      icmp|   0|  0|   71|          64|          64|
    |icmp_ln60_fu_4477_p2                                                     |      icmp|   0|  0|   71|          64|          64|
    |icmp_ln71_1_fu_4613_p2                                                   |      icmp|   0|  0|   39|          32|          32|
    |icmp_ln71_2_fu_5226_p2                                                   |      icmp|   0|  0|   39|          32|           1|
    |icmp_ln71_3_fu_5318_p2                                                   |      icmp|   0|  0|   39|          32|          32|
    |icmp_ln71_fu_4516_p2                                                     |      icmp|   0|  0|   39|          32|           1|
    |icmp_ln75_1_fu_5294_p2                                                   |      icmp|   0|  0|   71|          64|          64|
    |icmp_ln75_fu_4584_p2                                                     |      icmp|   0|  0|   71|          64|          64|
    |icmp_ln93_1_fu_4264_p2                                                   |      icmp|   0|  0|   39|          32|          32|
    |icmp_ln93_3_fu_4973_p2                                                   |      icmp|   0|  0|   39|          32|          32|
    |icmp_ln98_1_fu_4949_p2                                                   |      icmp|   0|  0|   71|          64|          64|
    |icmp_ln98_fu_4235_p2                                                     |      icmp|   0|  0|   71|          64|          64|
    |or_ln132_1_fu_4728_p2                                                    |        or|   0|  0|    2|           1|           1|
    |or_ln132_fu_4014_p2                                                      |        or|   0|  0|    2|           1|           1|
    |or_ln74_1_fu_5279_p2                                                     |        or|   0|  0|  129|         129|           1|
    |or_ln74_fu_4569_p2                                                       |        or|   0|  0|  129|         129|           1|
    |select_ln145_1_fu_4809_p3                                                |    select|   0|  0|   32|           1|          32|
    |select_ln145_fu_4095_p3                                                  |    select|   0|  0|   32|           1|          32|
    |select_ln153_1_fu_4855_p3                                                |    select|   0|  0|   32|           1|          32|
    |select_ln153_fu_4141_p3                                                  |    select|   0|  0|   32|           1|          32|
    |accumulateMode_not436_fu_3888_p2                                         |       xor|   0|  0|    2|           2|           1|
    |xor_ln127_1_fu_4779_p2                                                   |       xor|   0|  0|    2|           1|           2|
    |xor_ln127_fu_4065_p2                                                     |       xor|   0|  0|    2|           1|           2|
    |xor_ln132_1_fu_4722_p2                                                   |       xor|   0|  0|    2|           1|           2|
    |xor_ln132_fu_4008_p2                                                     |       xor|   0|  0|    2|           1|           2|
    +-------------------------------------------------------------------------+----------+----+---+-----+------------+------------+
    |Total                                                                    |          |   0|  0| 4354|        3590|        1423|
    +-------------------------------------------------------------------------+----------+----+---+-----+------------+------------+

    * Multiplexer: 
    +---------------------------------------------------------------------------------------------+-----+-----------+-----+-----------+
    |                                             Name                                            | LUT | Input Size| Bits| Total Bits|
    +---------------------------------------------------------------------------------------------+-----+-----------+-----+-----------+
    |ap_NS_fsm                                                                                    |  678|        129|    1|        129|
    |ap_phi_mux_i_12_phi_fu_3401_p4                                                               |    9|          2|   32|         64|
    |ap_phi_mux_i_16_phi_fu_3581_p4                                                               |    9|          2|   32|         64|
    |ap_phi_mux_i_20_phi_fu_3646_p4                                                               |    9|          2|   32|         64|
    |ap_phi_mux_i_2_phi_fu_3295_p4                                                                |    9|          2|   32|         64|
    |ap_phi_mux_i_5_phi_fu_3360_p4                                                                |    9|          2|   32|         64|
    |ap_phi_mux_producedCount_4_phi_fu_3282_p4                                                    |    9|          2|   32|         64|
    |ap_phi_mux_producedCount_9_phi_fu_3568_p4                                                    |    9|          2|   32|         64|
    |ap_phi_mux_storemerge1_phi_fu_3699_p4                                                        |    9|          2|    1|          2|
    |ap_phi_mux_storemerge_phi_fu_3413_p4                                                         |    9|          2|    1|          2|
    |ap_sig_allocacmp_systolic_array_stream_MBItem_0_stream_MBItem_0_bool_int_peState_16_load_10  |    9|          2|   32|         64|
    |ap_sig_allocacmp_systolic_array_stream_MBItem_0_stream_MBItem_0_bool_int_peState_16_load_11  |    9|          2|   32|         64|
    |ap_sig_allocacmp_systolic_array_stream_MBItem_0_stream_MBItem_0_bool_int_peState_16_load_15  |    9|          2|   32|         64|
    |ap_sig_allocacmp_systolic_array_stream_MBItem_0_stream_MBItem_0_bool_int_peState_16_load_2   |    9|          2|   32|         64|
    |ap_sig_allocacmp_systolic_array_stream_MBItem_0_stream_MBItem_0_bool_int_peState_16_load_5   |    9|          2|   32|         64|
    |ap_sig_allocacmp_systolic_array_stream_MBItem_0_stream_MBItem_0_bool_int_peState_16_load_9   |    9|          2|   32|         64|
    |ap_sig_allocacmp_systolic_array_stream_MBItem_0_stream_MBItem_0_bool_int_peState_17_load_10  |    9|          2|   32|         64|
    |ap_sig_allocacmp_systolic_array_stream_MBItem_0_stream_MBItem_0_bool_int_peState_17_load_11  |    9|          2|   32|         64|
    |ap_sig_allocacmp_systolic_array_stream_MBItem_0_stream_MBItem_0_bool_int_peState_17_load_2   |    9|          2|   32|         64|
    |ap_sig_allocacmp_systolic_array_stream_MBItem_0_stream_MBItem_0_bool_int_peState_17_load_5   |    9|          2|   32|         64|
    |ap_sig_allocacmp_systolic_array_stream_MBItem_0_stream_MBItem_0_bool_int_peState_17_load_9   |    9|          2|   32|         64|
    |cycle_fu_282                                                                                 |    9|          2|   31|         62|
    |grp_fu_3723_opcode                                                                           |   14|          3|    2|          6|
    |grp_fu_3723_p0                                                                               |   37|          7|   32|        224|
    |grp_fu_3723_p1                                                                               |   37|          7|   32|        224|
    |grp_fu_3727_p0                                                                               |   37|          7|   32|        224|
    |grp_fu_3727_p1                                                                               |   37|          7|   32|        224|
    |grp_load_fu_3743_p1                                                                          |   37|          7|   32|        224|
    |grp_load_fu_3783_p1                                                                          |   31|          6|   32|        192|
    |i_11_reg_3213                                                                                |    9|          2|   32|         64|
    |i_12_reg_3397                                                                                |    9|          2|   32|         64|
    |i_16_reg_3577                                                                                |    9|          2|   32|         64|
    |i_17_reg_3602                                                                                |    9|          2|   31|         62|
    |i_20_reg_3642                                                                                |    9|          2|   32|         64|
    |i_26_reg_3499                                                                                |    9|          2|   32|         64|
    |i_27_reg_3683                                                                                |    9|          2|   32|         64|
    |i_2_reg_3291                                                                                 |    9|          2|   32|         64|
    |i_30_reg_3155                                                                                |    9|          2|   31|         62|
    |i_31_reg_3184                                                                                |    9|          2|   32|         64|
    |i_32_reg_3227                                                                                |    9|          2|   32|         64|
    |i_33_reg_3327                                                                                |    9|          2|   32|         64|
    |i_34_reg_3368                                                                                |    9|          2|   32|         64|
    |i_35_reg_3513                                                                                |    9|          2|   32|         64|
    |i_36_reg_3613                                                                                |    9|          2|   32|         64|
    |i_37_reg_3654                                                                                |    9|          2|   32|         64|
    |i_38_reg_3442                                                                                |    9|          2|   31|         62|
    |i_39_reg_3470                                                                                |    9|          2|   32|         64|
    |i_5_reg_3356                                                                                 |    9|          2|   32|         64|
    |i_reg_3316                                                                                   |    9|          2|   31|         62|
    |indvars_iv460_reg_3134                                                                       |    9|          2|   32|         64|
    |indvars_iv489_reg_3421                                                                       |    9|          2|   32|         64|
    |inputStream_TREADY_int_regslice                                                              |    9|          2|    1|          2|
    |itemsIngested_2_reg_3431                                                                     |    9|          2|    2|          4|
    |itemsIngested_reg_3144                                                                       |    9|          2|    2|          4|
    |j_11_reg_3547                                                                                |    9|          2|   64|        128|
    |j_13_reg_3453                                                                                |    9|          2|   64|        128|
    |j_15_reg_3625                                                                                |    9|          2|   64|        128|
    |j_18_reg_3482                                                                                |    9|          2|   64|        128|
    |j_19_reg_3666                                                                                |    9|          2|   64|        128|
    |j_1_reg_3261                                                                                 |    9|          2|   64|        128|
    |j_3_reg_3167                                                                                 |    9|          2|   64|        128|
    |j_5_reg_3339                                                                                 |    9|          2|   64|        128|
    |j_8_reg_3196                                                                                 |    9|          2|   64|        128|
    |j_9_reg_3380                                                                                 |    9|          2|   64|        128|
    |producedCount_0_i_lcssa_1_reg_3589                                                           |    9|          2|   32|         64|
    |producedCount_0_i_lcssa_reg_3303                                                             |    9|          2|   32|         64|
    |producedCount_3_reg_3251                                                                     |    9|          2|   32|         64|
    |producedCount_4_reg_3278                                                                     |    9|          2|   32|         64|
    |producedCount_5_reg_3525                                                                     |    9|          2|   32|         64|
    |producedCount_8_reg_3537                                                                     |    9|          2|   32|         64|
    |producedCount_9_reg_3564                                                                     |    9|          2|   32|         64|
    |producedCount_reg_3239                                                                       |    9|          2|   32|         64|
    |produced_destPE_address0                                                                     |   43|          8|    3|         24|
    |produced_destPE_address1                                                                     |   49|          9|    3|         27|
    |produced_destPE_d0                                                                           |   14|          3|    2|          6|
    |produced_destPE_d1                                                                           |   14|          3|    2|          6|
    |produced_imag_address0                                                                       |   49|          9|    3|         27|
    |produced_imag_address1                                                                       |   49|          9|    3|         27|
    |produced_imag_d0                                                                             |   31|          6|   32|        192|
    |produced_isRealPart_address0                                                                 |   43|          8|    3|         24|
    |produced_isRealPart_address1                                                                 |   49|          9|    3|         27|
    |produced_isRealPart_d0                                                                       |   14|          3|    1|          3|
    |produced_isRealPart_d1                                                                       |   14|          3|    1|          3|
    |produced_isWeight_address0                                                                   |   43|          8|    3|         24|
    |produced_isWeight_address1                                                                   |   49|          9|    3|         27|
    |produced_needsMultiply_address0                                                              |   43|          8|    3|         24|
    |produced_needsMultiply_address1                                                              |   49|          9|    3|         27|
    |produced_needsMultiply_d0                                                                    |   14|          3|    1|          3|
    |produced_needsMultiply_d1                                                                    |   14|          3|    1|          3|
    |produced_real_address0                                                                       |   49|          9|    3|         27|
    |produced_real_address1                                                                       |   49|          9|    3|         27|
    |produced_real_d0                                                                             |   20|          4|   32|        128|
    |produced_real_d1                                                                             |   20|          4|   32|        128|
    |produced_startOfFrame_address0                                                               |   43|          8|    3|         24|
    |produced_startOfFrame_address1                                                               |   49|          9|    3|         27|
    |systolic_array_stream_MBItem_0_stream_MBItem_0_bool_int_peState_10_address0                  |  100|         20|    3|         60|
    |systolic_array_stream_MBItem_0_stream_MBItem_0_bool_int_peState_10_d0                        |   20|          4|   32|        128|
    |systolic_array_stream_MBItem_0_stream_MBItem_0_bool_int_peState_11_address0                  |  100|         20|    3|         60|
    |systolic_array_stream_MBItem_0_stream_MBItem_0_bool_int_peState_11_d0                        |   20|          4|   32|        128|
    |systolic_array_stream_MBItem_0_stream_MBItem_0_bool_int_peState_12_address0                  |  100|         20|    3|         60|
    |systolic_array_stream_MBItem_0_stream_MBItem_0_bool_int_peState_12_d0                        |   20|          4|   32|        128|
    |systolic_array_stream_MBItem_0_stream_MBItem_0_bool_int_peState_13_address0                  |  100|         20|    3|         60|
    |systolic_array_stream_MBItem_0_stream_MBItem_0_bool_int_peState_13_d0                        |   20|          4|   32|        128|
    |systolic_array_stream_MBItem_0_stream_MBItem_0_bool_int_peState_14_address0                  |   97|         19|    3|         57|
    |systolic_array_stream_MBItem_0_stream_MBItem_0_bool_int_peState_14_d0                        |   20|          4|    1|          4|
    |systolic_array_stream_MBItem_0_stream_MBItem_0_bool_int_peState_15_address0                  |   97|         19|    3|         57|
    |systolic_array_stream_MBItem_0_stream_MBItem_0_bool_int_peState_15_d0                        |   20|          4|    1|          4|
    |systolic_array_stream_MBItem_0_stream_MBItem_0_bool_int_peState_16                           |   37|          7|   32|        224|
    |systolic_array_stream_MBItem_0_stream_MBItem_0_bool_int_peState_17                           |   31|          6|   32|        192|
    |systolic_array_stream_MBItem_0_stream_MBItem_0_bool_int_peState_18                           |    9|          2|   32|         64|
    |systolic_array_stream_MBItem_0_stream_MBItem_0_bool_int_peState_19                           |    9|          2|   32|         64|
    |systolic_array_stream_MBItem_0_stream_MBItem_0_bool_int_peState_20                           |    9|          2|   32|         64|
    |systolic_array_stream_MBItem_0_stream_MBItem_0_bool_int_peState_21                           |    9|          2|   32|         64|
    |systolic_array_stream_MBItem_0_stream_MBItem_0_bool_int_peState_3_address0                   |  100|         20|    3|         60|
    |systolic_array_stream_MBItem_0_stream_MBItem_0_bool_int_peState_3_d0                         |   26|          5|    1|          5|
    |systolic_array_stream_MBItem_0_stream_MBItem_0_bool_int_peState_4_address0                   |   97|         19|    3|         57|
    |systolic_array_stream_MBItem_0_stream_MBItem_0_bool_int_peState_4_d0                         |   31|          6|    1|          6|
    |systolic_array_stream_MBItem_0_stream_MBItem_0_bool_int_peState_5_address0                   |   97|         19|    3|         57|
    |systolic_array_stream_MBItem_0_stream_MBItem_0_bool_int_peState_5_d0                         |   31|          6|    1|          6|
    |systolic_array_stream_MBItem_0_stream_MBItem_0_bool_int_peState_6_address0                   |  100|         20|    3|         60|
    |systolic_array_stream_MBItem_0_stream_MBItem_0_bool_int_peState_6_d0                         |   20|          4|    1|          4|
    |systolic_array_stream_MBItem_0_stream_MBItem_0_bool_int_peState_7_address0                   |  100|         20|    3|         60|
    |systolic_array_stream_MBItem_0_stream_MBItem_0_bool_int_peState_7_d0                         |   20|          4|    1|          4|
    |systolic_array_stream_MBItem_0_stream_MBItem_0_bool_int_peState_8_address0                   |  100|         20|    3|         60|
    |systolic_array_stream_MBItem_0_stream_MBItem_0_bool_int_peState_8_d0                         |   26|          5|   32|        160|
    |systolic_array_stream_MBItem_0_stream_MBItem_0_bool_int_peState_9_address0                   |  100|         20|    3|         60|
    |systolic_array_stream_MBItem_0_stream_MBItem_0_bool_int_peState_9_d0                         |   26|          5|   32|        160|
    |systolic_array_stream_MBItem_0_stream_MBItem_0_bool_int_peState_address0                     |  100|         20|    3|         60|
    |systolic_array_stream_MBItem_0_stream_MBItem_0_bool_int_peState_d0                           |   26|          5|    1|          5|
    |systolic_array_stream_MBItem_0_stream_MBItem_0_bool_int_peStreams_1_din                      |   20|          4|  160|        640|
    |systolic_array_stream_MBItem_0_stream_MBItem_0_bool_int_peStreams_2_din                      |   20|          4|  160|        640|
    |systolic_array_stream_MBItem_0_stream_MBItem_0_bool_int_peStreams_2_read                     |    9|          2|    1|          2|
    |systolic_array_stream_MBItem_0_stream_MBItem_0_bool_int_peStreams_write                      |    9|          2|    1|          2|
    +---------------------------------------------------------------------------------------------+-----+-----------+-----+-----------+
    |Total                                                                                        | 4171|        827| 3307|      10356|
    +---------------------------------------------------------------------------------------------+-----+-----------+-----+-----------+

    * Register: 
    +-------------------------------------------------------------------------------------+-----+----+-----+-----------+
    |                                         Name                                        |  FF | LUT| Bits| Const Bits|
    +-------------------------------------------------------------------------------------+-----+----+-----+-----------+
    |accumulateMode_not436_reg_5631                                                       |    1|   0|    1|          0|
    |accumulateMode_read_reg_5346                                                         |    1|   0|    1|          0|
    |add_ln145_1_reg_6467                                                                 |   31|   0|   31|          0|
    |add_ln145_reg_5729                                                                   |   31|   0|   31|          0|
    |add_ln154_1_reg_6530                                                                 |   64|   0|   64|          0|
    |add_ln154_reg_5783                                                                   |   64|   0|   64|          0|
    |add_ln215_1_reg_6815                                                                 |   64|   0|   64|          0|
    |add_ln215_reg_6062                                                                   |   64|   0|   64|          0|
    |add_ln226_1_reg_6866                                                                 |   31|   0|   31|          0|
    |add_ln226_reg_6113                                                                   |   31|   0|   31|          0|
    |add_ln35_reg_5640                                                                    |   31|   0|   31|          0|
    |add_ln61_1_reg_6982                                                                  |   64|   0|   64|          0|
    |add_ln61_reg_6229                                                                    |   64|   0|   64|          0|
    |add_ln76_1_reg_7096                                                                  |   64|   0|   64|          0|
    |add_ln76_reg_6349                                                                    |   64|   0|   64|          0|
    |add_ln99_1_reg_6647                                                                  |   64|   0|   64|          0|
    |add_ln99_reg_5905                                                                    |   64|   0|   64|          0|
    |and_ln126_3_reg_6401                                                                 |    1|   0|    1|          0|
    |and_ln126_reg_5654                                                                   |    1|   0|    1|          0|
    |ap_CS_fsm                                                                            |  128|   0|  128|          0|
    |cycle_fu_282                                                                         |   31|   0|   31|          0|
    |grp_systolic_array_Pipeline_VITIS_LOOP_23_1_fu_3707_ap_start_reg                     |    1|   0|    1|          0|
    |grp_systolic_array_Pipeline_VITIS_LOOP_52_4_fu_3715_ap_start_reg                     |    1|   0|    1|          0|
    |i_11_reg_3213                                                                        |   32|   0|   32|          0|
    |i_12_reg_3397                                                                        |   32|   0|   32|          0|
    |i_16_reg_3577                                                                        |   32|   0|   32|          0|
    |i_17_reg_3602                                                                        |   31|   0|   31|          0|
    |i_20_reg_3642                                                                        |   32|   0|   32|          0|
    |i_26_reg_3499                                                                        |   32|   0|   32|          0|
    |i_27_reg_3683                                                                        |   32|   0|   32|          0|
    |i_2_reg_3291                                                                         |   32|   0|   32|          0|
    |i_30_reg_3155                                                                        |   31|   0|   31|          0|
    |i_31_reg_3184                                                                        |   32|   0|   32|          0|
    |i_32_reg_3227                                                                        |   32|   0|   32|          0|
    |i_33_reg_3327                                                                        |   32|   0|   32|          0|
    |i_34_reg_3368                                                                        |   32|   0|   32|          0|
    |i_35_reg_3513                                                                        |   32|   0|   32|          0|
    |i_36_reg_3613                                                                        |   32|   0|   32|          0|
    |i_37_reg_3654                                                                        |   32|   0|   32|          0|
    |i_38_reg_3442                                                                        |   31|   0|   31|          0|
    |i_39_reg_3470                                                                        |   32|   0|   32|          0|
    |i_5_reg_3356                                                                         |   32|   0|   32|          0|
    |i_reg_3316                                                                           |   31|   0|   31|          0|
    |icmp_ln145_2_reg_5711                                                                |    1|   0|    1|          0|
    |icmp_ln145_4_reg_6426                                                                |    1|   0|    1|          0|
    |icmp_ln145_6_reg_6458                                                                |    1|   0|    1|          0|
    |icmp_ln145_reg_5679                                                                  |    1|   0|    1|          0|
    |icmp_ln153_3_reg_6518                                                                |    1|   0|    1|          0|
    |icmp_ln153_reg_5771                                                                  |    1|   0|    1|          0|
    |icmp_ln178_2_reg_6700                                                                |    1|   0|    1|          0|
    |icmp_ln178_reg_5958                                                                  |    1|   0|    1|          0|
    |icmp_ln180_1_reg_6751                                                                |    1|   0|    1|          0|
    |icmp_ln180_reg_5997                                                                  |    1|   0|    1|          0|
    |icmp_ln227_1_reg_6876                                                                |    1|   0|    1|          0|
    |icmp_ln227_reg_6123                                                                  |    1|   0|    1|          0|
    |icmp_ln56_2_reg_6915                                                                 |    1|   0|    1|          0|
    |icmp_ln56_reg_6162                                                                   |    1|   0|    1|          0|
    |icmp_ln71_2_reg_7025                                                                 |    1|   0|    1|          0|
    |icmp_ln71_reg_6272                                                                   |    1|   0|    1|          0|
    |icmp_ln93_2_reg_6573                                                                 |    1|   0|    1|          0|
    |icmp_ln93_reg_5826                                                                   |    1|   0|    1|          0|
    |indvars_iv460_reg_3134                                                               |   32|   0|   32|          0|
    |indvars_iv489_reg_3421                                                               |   32|   0|   32|          0|
    |itemsIngested_1_reg_5658                                                             |    3|   0|    3|          0|
    |itemsIngested_2_reg_3431                                                             |    2|   0|    2|          0|
    |itemsIngested_3_reg_6405                                                             |    3|   0|    3|          0|
    |itemsIngested_reg_3144                                                               |    2|   0|    2|          0|
    |j_11_reg_3547                                                                        |   64|   0|   64|          0|
    |j_13_reg_3453                                                                        |   64|   0|   64|          0|
    |j_15_reg_3625                                                                        |   64|   0|   64|          0|
    |j_18_reg_3482                                                                        |   64|   0|   64|          0|
    |j_19_reg_3666                                                                        |   64|   0|   64|          0|
    |j_1_reg_3261                                                                         |   64|   0|   64|          0|
    |j_3_reg_3167                                                                         |   64|   0|   64|          0|
    |j_5_reg_3339                                                                         |   64|   0|   64|          0|
    |j_8_reg_3196                                                                         |   64|   0|   64|          0|
    |j_9_reg_3380                                                                         |   64|   0|   64|          0|
    |mul1_i_i_1_reg_6710                                                                  |   32|   0|   32|          0|
    |mul_i_i_1_reg_6704                                                                   |   32|   0|   32|          0|
    |outI_1_reg_6722                                                                      |   32|   0|   32|          0|
    |outI_reg_5968                                                                        |   32|   0|   32|          0|
    |outR_1_reg_6716                                                                      |   32|   0|   32|          0|
    |outR_reg_5962                                                                        |   32|   0|   32|          0|
    |producedCount_0_i_lcssa_1_reg_3589                                                   |   32|   0|   32|          0|
    |producedCount_0_i_lcssa_reg_3303                                                     |   32|   0|   32|          0|
    |producedCount_1_reg_6010                                                             |   32|   0|   32|          0|
    |producedCount_3_reg_3251                                                             |   32|   0|   32|          0|
    |producedCount_4_reg_3278                                                             |   32|   0|   32|          0|
    |producedCount_5_reg_3525                                                             |   32|   0|   32|          0|
    |producedCount_6_reg_6764                                                             |   32|   0|   32|          0|
    |producedCount_8_reg_3537                                                             |   32|   0|   32|          0|
    |producedCount_9_reg_3564                                                             |   32|   0|   32|          0|
    |producedCount_reg_3239                                                               |   32|   0|   32|          0|
    |produced_imag_addr_10_reg_6775                                                       |    3|   0|    3|          0|
    |produced_imag_addr_reg_6022                                                          |    3|   0|    3|          0|
    |produced_real_addr_10_reg_6769                                                       |    3|   0|    3|          0|
    |produced_real_addr_reg_6016                                                          |    3|   0|    3|          0|
    |reg_3823                                                                             |   32|   0|   32|          0|
    |reg_3830                                                                             |   32|   0|   32|          0|
    |reg_3837                                                                             |   32|   0|   32|          0|
    |reg_3843                                                                             |   32|   0|   32|          0|
    |reg_3849                                                                             |   32|   0|   32|          0|
    |reg_3853                                                                             |   32|   0|   32|          0|
    |reg_3859                                                                             |   32|   0|   32|          0|
    |reg_3865                                                                             |   32|   0|   32|          0|
    |reg_3871                                                                             |   32|   0|   32|          0|
    |select_ln145_1_reg_6436                                                              |   32|   0|   32|          0|
    |select_ln145_reg_5689                                                                |   32|   0|   32|          0|
    |sext_ln179_1_reg_6728                                                                |   64|   0|   64|          0|
    |sext_ln179_reg_5974                                                                  |   64|   0|   64|          0|
    |sext_ln57_1_reg_6919                                                                 |   64|   0|   64|          0|
    |sext_ln57_reg_6166                                                                   |   64|   0|   64|          0|
    |sext_ln72_1_reg_7034                                                                 |   64|   0|   64|          0|
    |sext_ln72_reg_6281                                                                   |   64|   0|   64|          0|
    |sext_ln94_1_reg_6577                                                                 |   64|   0|   64|          0|
    |sext_ln94_reg_5830                                                                   |   64|   0|   64|          0|
    |storemerge1_reg_3695                                                                 |    1|   0|    1|          0|
    |storemerge_reg_3409                                                                  |    1|   0|    1|          0|
    |sub_i_1_reg_6513                                                                     |   32|   0|   32|          0|
    |sub_i_reg_5766                                                                       |   32|   0|   32|          0|
    |systolic_array_stream_MBItem_0_stream_MBItem_0_bool_int_peState_10_addr_11_reg_5861  |    3|   0|    3|          0|
    |systolic_array_stream_MBItem_0_stream_MBItem_0_bool_int_peState_11_addr_11_reg_6608  |    3|   0|    3|          0|
    |systolic_array_stream_MBItem_0_stream_MBItem_0_bool_int_peState_12_addr_11_reg_5866  |    3|   0|    3|          0|
    |systolic_array_stream_MBItem_0_stream_MBItem_0_bool_int_peState_13_addr_11_reg_6613  |    3|   0|    3|          0|
    |systolic_array_stream_MBItem_0_stream_MBItem_0_bool_int_peState_14_addr_10_reg_5871  |    3|   0|    3|          0|
    |systolic_array_stream_MBItem_0_stream_MBItem_0_bool_int_peState_15_addr_10_reg_6618  |    3|   0|    3|          0|
    |systolic_array_stream_MBItem_0_stream_MBItem_0_bool_int_peState_16                   |   32|   0|   32|          0|
    |systolic_array_stream_MBItem_0_stream_MBItem_0_bool_int_peState_16_load_12_reg_5892  |   32|   0|   32|          0|
    |systolic_array_stream_MBItem_0_stream_MBItem_0_bool_int_peState_16_load_13_reg_6336  |   32|   0|   32|          0|
    |systolic_array_stream_MBItem_0_stream_MBItem_0_bool_int_peState_16_load_3_reg_6049   |   32|   0|   32|          0|
    |systolic_array_stream_MBItem_0_stream_MBItem_0_bool_int_peState_16_load_4_reg_5683   |   32|   0|   32|          0|
    |systolic_array_stream_MBItem_0_stream_MBItem_0_bool_int_peState_16_load_8_reg_6216   |   32|   0|   32|          0|
    |systolic_array_stream_MBItem_0_stream_MBItem_0_bool_int_peState_17                   |   32|   0|   32|          0|
    |systolic_array_stream_MBItem_0_stream_MBItem_0_bool_int_peState_17_load_3_reg_6802   |   32|   0|   32|          0|
    |systolic_array_stream_MBItem_0_stream_MBItem_0_bool_int_peState_17_load_4_reg_6430   |   32|   0|   32|          0|
    |systolic_array_stream_MBItem_0_stream_MBItem_0_bool_int_peState_17_load_8_reg_6969   |   32|   0|   32|          0|
    |systolic_array_stream_MBItem_0_stream_MBItem_0_bool_int_peState_18                   |   32|   0|   32|          0|
    |systolic_array_stream_MBItem_0_stream_MBItem_0_bool_int_peState_19                   |   32|   0|   32|          0|
    |systolic_array_stream_MBItem_0_stream_MBItem_0_bool_int_peState_20                   |   32|   0|   32|          0|
    |systolic_array_stream_MBItem_0_stream_MBItem_0_bool_int_peState_21                   |   32|   0|   32|          0|
    |systolic_array_stream_MBItem_0_stream_MBItem_0_bool_int_peState_22                   |    1|   0|    1|          0|
    |systolic_array_stream_MBItem_0_stream_MBItem_0_bool_int_peState_22_load_reg_5645     |    1|   0|    1|          0|
    |systolic_array_stream_MBItem_0_stream_MBItem_0_bool_int_peState_23                   |    1|   0|    1|          0|
    |systolic_array_stream_MBItem_0_stream_MBItem_0_bool_int_peState_23_load_reg_6392     |    1|   0|    1|          0|
    |systolic_array_stream_MBItem_0_stream_MBItem_0_bool_int_peState_3_load_2_reg_6478    |    1|   0|    1|          0|
    |systolic_array_stream_MBItem_0_stream_MBItem_0_bool_int_peState_3_load_3_reg_6965    |    1|   0|    1|          0|
    |systolic_array_stream_MBItem_0_stream_MBItem_0_bool_int_peState_3_load_reg_6742      |    1|   0|    1|          0|
    |systolic_array_stream_MBItem_0_stream_MBItem_0_bool_int_peState_4_addr_10_reg_5846   |    3|   0|    3|          0|
    |systolic_array_stream_MBItem_0_stream_MBItem_0_bool_int_peState_5_addr_10_reg_6593   |    3|   0|    3|          0|
    |systolic_array_stream_MBItem_0_stream_MBItem_0_bool_int_peState_6_load_6_reg_5884    |    1|   0|    1|          0|
    |systolic_array_stream_MBItem_0_stream_MBItem_0_bool_int_peState_6_load_reg_6006      |    1|   0|    1|          0|
    |systolic_array_stream_MBItem_0_stream_MBItem_0_bool_int_peState_7_load_6_reg_6631    |    1|   0|    1|          0|
    |systolic_array_stream_MBItem_0_stream_MBItem_0_bool_int_peState_7_load_reg_6760      |    1|   0|    1|          0|
    |systolic_array_stream_MBItem_0_stream_MBItem_0_bool_int_peState_8_load_6_reg_5879    |   32|   0|   32|          0|
    |systolic_array_stream_MBItem_0_stream_MBItem_0_bool_int_peState_9_load_6_reg_6626    |   32|   0|   32|          0|
    |systolic_array_stream_MBItem_0_stream_MBItem_0_bool_int_peState_load_2_reg_5725      |    1|   0|    1|          0|
    |systolic_array_stream_MBItem_0_stream_MBItem_0_bool_int_peState_load_3_reg_6212      |    1|   0|    1|          0|
    |systolic_array_stream_MBItem_0_stream_MBItem_0_bool_int_peState_load_7_reg_6327      |    1|   0|    1|          0|
    |systolic_array_stream_MBItem_0_stream_MBItem_0_bool_int_peState_load_reg_5988        |    1|   0|    1|          0|
    |totalCycles_read_reg_5341                                                            |   32|   0|   32|          0|
    |trunc_ln132_1_reg_6410                                                               |    2|   0|    2|          0|
    |trunc_ln132_reg_5663                                                                 |    2|   0|    2|          0|
    |trunc_ln227_1_reg_6871                                                               |    3|   0|    3|          0|
    |trunc_ln227_reg_6118                                                                 |    3|   0|    3|          0|
    |wide_trip_count454_reg_6221                                                          |   64|   0|   64|          0|
    |wide_trip_count458_reg_6341                                                          |   64|   0|   64|          0|
    |wide_trip_count471_reg_5897                                                          |   64|   0|   64|          0|
    |wide_trip_count475_reg_6807                                                          |   64|   0|   64|          0|
    |wide_trip_count483_reg_6974                                                          |   64|   0|   64|          0|
    |wide_trip_count487_reg_7088                                                          |   64|   0|   64|          0|
    |wide_trip_count500_reg_6639                                                          |   64|   0|   64|          0|
    |wide_trip_count_reg_6054                                                             |   64|   0|   64|          0|
    |zext_ln145_1_reg_5705                                                                |   31|   0|   32|          1|
    |zext_ln145_2_reg_6441                                                                |   31|   0|   64|         33|
    |zext_ln145_3_reg_6452                                                                |   31|   0|   32|          1|
    |zext_ln145_reg_5694                                                                  |   31|   0|   64|         33|
    |zext_ln153_1_reg_6522                                                                |   32|   0|   64|         32|
    |zext_ln153_reg_5775                                                                  |   32|   0|   64|         32|
    +-------------------------------------------------------------------------------------+-----+----+-----+-----------+
    |Total                                                                                | 5075|   0| 5207|        132|
    +-------------------------------------------------------------------------------------+-----+----+-----+-----------+



================================================================
== Interface
================================================================
* Summary: 
+-----------------------+-----+-----+------------+----------------+--------------+
|       RTL Ports       | Dir | Bits|  Protocol  |  Source Object |    C Type    |
+-----------------------+-----+-----+------------+----------------+--------------+
|s_axi_control_AWVALID  |   in|    1|       s_axi|         control|        scalar|
|s_axi_control_AWREADY  |  out|    1|       s_axi|         control|        scalar|
|s_axi_control_AWADDR   |   in|    5|       s_axi|         control|        scalar|
|s_axi_control_WVALID   |   in|    1|       s_axi|         control|        scalar|
|s_axi_control_WREADY   |  out|    1|       s_axi|         control|        scalar|
|s_axi_control_WDATA    |   in|   32|       s_axi|         control|        scalar|
|s_axi_control_WSTRB    |   in|    4|       s_axi|         control|        scalar|
|s_axi_control_ARVALID  |   in|    1|       s_axi|         control|        scalar|
|s_axi_control_ARREADY  |  out|    1|       s_axi|         control|        scalar|
|s_axi_control_ARADDR   |   in|    5|       s_axi|         control|        scalar|
|s_axi_control_RVALID   |  out|    1|       s_axi|         control|        scalar|
|s_axi_control_RREADY   |   in|    1|       s_axi|         control|        scalar|
|s_axi_control_RDATA    |  out|   32|       s_axi|         control|        scalar|
|s_axi_control_RRESP    |  out|    2|       s_axi|         control|        scalar|
|s_axi_control_BVALID   |  out|    1|       s_axi|         control|        scalar|
|s_axi_control_BREADY   |   in|    1|       s_axi|         control|        scalar|
|s_axi_control_BRESP    |  out|    2|       s_axi|         control|        scalar|
|ap_clk                 |   in|    1|  ap_ctrl_hs|  systolic_array|  return value|
|ap_rst_n               |   in|    1|  ap_ctrl_hs|  systolic_array|  return value|
|interrupt              |  out|    1|  ap_ctrl_hs|  systolic_array|  return value|
|inputStream_TDATA      |   in|  160|        axis|     inputStream|       pointer|
|inputStream_TVALID     |   in|    1|        axis|     inputStream|       pointer|
|inputStream_TREADY     |  out|    1|        axis|     inputStream|       pointer|
|outputStream_TDATA     |  out|  160|        axis|    outputStream|       pointer|
|outputStream_TVALID    |  out|    1|        axis|    outputStream|       pointer|
|outputStream_TREADY    |   in|    1|        axis|    outputStream|       pointer|
+-----------------------+-----+-----+------------+----------------+--------------+

